<html>
<body>
<pre>
<h1>µVision Build Log</h1>
<h2>Tool Versions:</h2>
IDE-Version: ¦ÌVision V5.39.0.0
Copyright (C) 2023 ARM Ltd and ARM Germany GmbH. All rights reserved.
License Information: Â¬ ï¿½ï¿½ï¿½, NING, LIC=SDA0P-M3KFH-X78RZ-JZX5K-V4YUM-SRS9D
 
Tool Versions:
Toolchain:       MDK-ARM Plus  Version: 5.39.0.0
Toolchain Path:  D:\Keil\keil\ARM\ARMCLANG\Bin
C Compiler:      ArmClang.exe V6.21
Assembler:       Armasm.exe V6.21
Linker/Locator:  ArmLink.exe V6.21
Library Manager: ArmAr.exe V6.21
Hex Converter:   FromElf.exe V6.21
CPU DLL:         SARMCM3.DLL V5.39.0.0
Dialog DLL:      DARMCM1.DLL V1.19.6.0
Target DLL:      CMSIS_AGDI.dll V1.33.16.0
Dialog DLL:      TARMCM1.DLL V1.14.6.0
 
<h2>Project:</h2>
D:\TI\mspm0_sdk_2_02_00_05\OLED\keil\empty_LP_MSPM0G3507_nortos_keil.uvprojx
Project File Date:  07/25/2026

<h2>Output:</h2>
*** Using Compiler 'V6.21', folder: 'D:\Keil\keil\ARM\ARMCLANG\Bin'
Rebuild target 'empty_LP_MSPM0G3507_nortos_keil'
Before Build - User command #1: cmd.exe /C "D:\TI\mspm0_sdk_2_02_00_05\OLED\keil\../../tools/keil/syscfg.bat 'D:\TI\mspm0_sdk_2_02_00_05\OLED\keil\' empty.syscfg"
Using Sysconfig Tool from "D:\TI\SYSCONFIG\sysconfig_cli.bat"
"Update the file located at <sdk path>/tools/keil/syscfg.bat to use a different version"
Running script...
Validating...
Generating Code (empty.syscfg)...
Unchanged D:\TI\mspm0_sdk_2_02_00_05\OLED\ti_msp_dl_config.c...
Unchanged D:\TI\mspm0_sdk_2_02_00_05\OLED\ti_msp_dl_config.h...
assembling startup_mspm0g350x_uvision.s...
compiling empty.c...
compiling ti_msp_dl_config.c...
compiling ssd1306.c...
linking...
Program Size: Code=5492 RO-data=780 RW-data=0 ZI-data=1376  
FromELF: creating hex file...
".\Objects\empty_LP_MSPM0G3507_nortos_keil.axf" - 0 Error(s), 0 Warning(s).

<h2>Software Packages used:</h2>

Package Vendor: TexasInstruments
                https://software-dl.ti.com/msp430/esd/MSPM0-CMSIS/MSPM0G1X0X_G3X0X/latest/exports/TexasInstruments.MSPM0G1X0X_G3X0X_DFP.1.3.1.pack
                TexasInstruments::MSPM0G1X0X_G3X0X_DFP@1.3.1
                Device Family Pack for Texas Instruments MSPM0G1X0X_G3X0X Series

<h2>Collection of Component include folders:</h2>

<h2>Collection of Component Files used:</h2>
Build Time Elapsed:  00:00:01
</pre>
</body>
</html>
